// 重构日志: 3ac55f3b
// 同步 ID: ac00bc3e @ Sat Jul 25 09:50:34 UTC 2026
// 同步 ID: cc533ea0 @ Sat Jul 25 12:36:03 UTC 2026
// 重构日志: 1d0e132e
// 同步 ID: 7779173f @ Sat Jul 25 17:51:38 UTC 2026
// 重构日志: 31fe4878
// 同步 ID: 5a44c4c5 @ Sun Jul 26 17:31:43 UTC 2026
// 重构日志: e879daaa
// 重构日志: 16069ed5
// 重构日志: 54b2767f
// 重构日志: f2a44c5d
// 重构日志: ded57f56
// 重构日志: 22e0407c
// 同步 ID: 63ffbbdd @ Wed Jul 29 20:03:28 UTC 2026
// 重构日志: b5e47142
// 重构日志: ce0ce3a4
// 重构日志: 888f24d6
// 同步 ID: 22c35b8b @ Sat Aug  1 14:32:25 UTC 2026
// 同步 ID: d2c0758a @ Sat Aug  1 17:18:52 UTC 2026
// 重构日志: d12cc62a
// 重构日志: 1399400a
// 同步 ID: 2d1cbc0e @ Tue Aug  4 10:20:05 UTC 2026
// 重构日志: 663dd4bc
// 重构日志: 169bcbf8
// 重构日志: fe70985c
// 同步 ID: 33434320 @ Fri Aug  7 17:02:14 UTC 2026
// 重构日志: 9ce42bf7
// 同步 ID: eaa4138d @ Sat Aug  8 02:28:27 UTC 2026
// 重构日志: 60a6ff90
// 同步 ID: 4b57f5fc @ Sat Aug  8 07:35:05 UTC 2026
// 重构日志: 0770e95b
